// Jest Snapshot v1, https://goo.gl/fbAQLP

exports[`<Main/> should render the heading 1`] = `
<main
  class="sc-bcXGCL fYqnaH"
>
  <h1>
    React Avancado
  </h1>
</main>
`;
